[assembly: System.Runtime.CompilerServices.InternalsVisibleToAttribute("ServiceBus.CompressionPlugin.Tests")]
namespace Microsoft.Azure.ServiceBus
{
    public class CompressionConfiguration
    {
        public CompressionConfiguration(string compressionMethodName, System.Func<byte[], byte[]> compressor, System.Func<byte[], byte[]> decompressor, int minimumSize) { }
    }
    public class static CompressionPluginExtensions
    {
        public static Microsoft.Azure.ServiceBus.Core.ServiceBusPlugin RegisterCompressionPlugin(this Microsoft.Azure.ServiceBus.ClientEntity client) { }
        public static Microsoft.Azure.ServiceBus.Core.ServiceBusPlugin RegisterCompressionPlugin(this Microsoft.Azure.ServiceBus.ClientEntity client, Microsoft.Azure.ServiceBus.CompressionConfiguration compressionConfiguration) { }
    }
}